[2026-05-22 13:15:43.650] INFO - Config loaded from: "config.json"
[2026-05-22 13:15:43.650] INFO - Private key present in config: true
[2026-05-22 13:15:43.730] INFO - Checking if private key is available in config...
[2026-05-22 13:15:43.730] INFO - Private key found in config, attempting to create CLOB client
[2026-05-22 13:15:43.730] INFO - Initializing CLOB WebSocket client with config
[2026-05-22 13:15:43.730] INFO - Private key found in config, will attempt authentication
[2026-05-22 13:15:43.784] INFO - Address: 0x179E37a8e42b012C99587E78B15Ba9c44e1e2182
[2026-05-22 13:15:43.784] INFO - Connected to authenticated WebSocket (V2)
[2026-05-22 13:15:43.784] INFO - Successfully created authenticated CLOB client
[2026-05-22 13:15:43.784] INFO - ClobClient initialization completed
[2026-05-22 13:15:43.784] INFO - Successfully created CLOB client
[2026-05-22 13:15:43.784] INFO - Starting CLOB order and trade status subscription (event-driven SELL placement)
[2026-05-22 13:15:43.784] INFO - Starting main strategy loop
[2026-05-22 13:15:43.784] INFO - [STARTUP] Checking for pending merges from previous runs...
[2026-05-22 13:15:43.784] INFO - CLOB subscription started, listening for order and trade status updates
[2026-05-22 13:15:43.995] INFO - [STARTUP] No pending merges found
[2026-05-22 13:15:44.019] INFO - 5min period started. Placing BUY orders at $0.01 for BTC
[2026-05-22 13:15:44.207] ERROR - build_sign_and_post SDK error: Status: error(400 Bad Request) making POST call to /order with {"error":"maker address not allowed, please use the deposit wallet flow"}

[2026-05-22 13:15:44.207] ERROR - Error processing market: Failed to create, sign, and post order: Status: error(400 Bad Request) making POST call to /order with {"error":"maker address not allowed, please use the deposit wallet flow"}

[2026-05-22 13:15:44.334] INFO - 5min period started. Placing BUY orders at $0.01 for BTC
[2026-05-22 13:15:44.486] ERROR - build_sign_and_post SDK error: Status: error(400 Bad Request) making POST call to /order with {"error":"maker address not allowed, please use the deposit wallet flow"}

[2026-05-22 13:15:44.486] ERROR - Error processing market: Failed to create, sign, and post order: Status: error(400 Bad Request) making POST call to /order with {"error":"maker address not allowed, please use the deposit wallet flow"}

[2026-05-22 13:15:44.621] INFO - 5min period started. Placing BUY orders at $0.01 for BTC
[2026-05-22 13:15:44.715] ERROR - build_sign_and_post SDK error: Status: error(400 Bad Request) making POST call to /order with {"error":"maker address not allowed, please use the deposit wallet flow"}

[2026-05-22 13:15:44.715] ERROR - Error processing market: Failed to create, sign, and post order: Status: error(400 Bad Request) making POST call to /order with {"error":"maker address not allowed, please use the deposit wallet flow"}

[2026-05-22 13:15:44.842] INFO - 5min period started. Placing BUY orders at $0.01 for BTC
[2026-05-22 13:15:44.966] ERROR - build_sign_and_post SDK error: Status: error(400 Bad Request) making POST call to /order with {"error":"maker address not allowed, please use the deposit wallet flow"}

[2026-05-22 13:15:44.966] ERROR - Error processing market: Failed to create, sign, and post order: Status: error(400 Bad Request) making POST call to /order with {"error":"maker address not allowed, please use the deposit wallet flow"}

[2026-05-22 13:15:45.096] INFO - 5min period started. Placing BUY orders at $0.01 for BTC
[2026-05-22 13:15:45.188] ERROR - build_sign_and_post SDK error: Status: error(400 Bad Request) making POST call to /order with {"error":"maker address not allowed, please use the deposit wallet flow"}

[2026-05-22 13:15:45.189] ERROR - Error processing market: Failed to create, sign, and post order: Status: error(400 Bad Request) making POST call to /order with {"error":"maker address not allowed, please use the deposit wallet flow"}

[2026-05-22 13:15:45.318] INFO - 5min period started. Placing BUY orders at $0.01 for BTC
[2026-05-22 13:15:45.456] ERROR - build_sign_and_post SDK error: Status: error(400 Bad Request) making POST call to /order with {"error":"maker address not allowed, please use the deposit wallet flow"}

[2026-05-22 13:15:45.456] ERROR - Error processing market: Failed to create, sign, and post order: Status: error(400 Bad Request) making POST call to /order with {"error":"maker address not allowed, please use the deposit wallet flow"}

[2026-05-22 13:15:45.586] INFO - 5min period started. Placing BUY orders at $0.01 for BTC
[2026-05-22 13:15:45.746] ERROR - build_sign_and_post SDK error: Status: error(400 Bad Request) making POST call to /order with {"error":"maker address not allowed, please use the deposit wallet flow"}

[2026-05-22 13:15:45.746] ERROR - Error processing market: Failed to create, sign, and post order: Status: error(400 Bad Request) making POST call to /order with {"error":"maker address not allowed, please use the deposit wallet flow"}

[2026-05-22 13:15:45.876] INFO - 5min period started. Placing BUY orders at $0.01 for BTC
[2026-05-22 13:15:46.018] ERROR - build_sign_and_post SDK error: Status: error(400 Bad Request) making POST call to /order with {"error":"maker address not allowed, please use the deposit wallet flow"}

[2026-05-22 13:15:46.018] ERROR - Error processing market: Failed to create, sign, and post order: Status: error(400 Bad Request) making POST call to /order with {"error":"maker address not allowed, please use the deposit wallet flow"}

[2026-05-22 13:15:46.148] INFO - 5min period started. Placing BUY orders at $0.01 for BTC
[2026-05-22 13:15:46.262] ERROR - build_sign_and_post SDK error: Status: error(400 Bad Request) making POST call to /order with {"error":"maker address not allowed, please use the deposit wallet flow"}

[2026-05-22 13:15:46.262] ERROR - Error processing market: Failed to create, sign, and post order: Status: error(400 Bad Request) making POST call to /order with {"error":"maker address not allowed, please use the deposit wallet flow"}

[2026-05-22 13:15:46.394] INFO - 5min period started. Placing BUY orders at $0.01 for BTC
[2026-05-22 13:15:46.503] ERROR - build_sign_and_post SDK error: Status: error(400 Bad Request) making POST call to /order with {"error":"maker address not allowed, please use the deposit wallet flow"}

[2026-05-22 13:15:46.503] ERROR - Error processing market: Failed to create, sign, and post order: Status: error(400 Bad Request) making POST call to /order with {"error":"maker address not allowed, please use the deposit wallet flow"}

[2026-05-22 13:15:46.630] INFO - 5min period started. Placing BUY orders at $0.01 for BTC
[2026-05-22 13:15:46.751] ERROR - build_sign_and_post SDK error: Status: error(400 Bad Request) making POST call to /order with {"error":"maker address not allowed, please use the deposit wallet flow"}

[2026-05-22 13:15:46.751] ERROR - Error processing market: Failed to create, sign, and post order: Status: error(400 Bad Request) making POST call to /order with {"error":"maker address not allowed, please use the deposit wallet flow"}

[2026-05-22 13:15:46.878] INFO - 5min period started. Placing BUY orders at $0.01 for BTC
[2026-05-22 13:15:46.997] ERROR - build_sign_and_post SDK error: Status: error(400 Bad Request) making POST call to /order with {"error":"maker address not allowed, please use the deposit wallet flow"}

[2026-05-22 13:15:46.997] ERROR - Error processing market: Failed to create, sign, and post order: Status: error(400 Bad Request) making POST call to /order with {"error":"maker address not allowed, please use the deposit wallet flow"}

[2026-05-22 13:15:47.123] INFO - 5min period started. Placing BUY orders at $0.01 for BTC
[2026-05-22 13:15:47.226] ERROR - build_sign_and_post SDK error: Status: error(400 Bad Request) making POST call to /order with {"error":"maker address not allowed, please use the deposit wallet flow"}

[2026-05-22 13:15:47.226] ERROR - Error processing market: Failed to create, sign, and post order: Status: error(400 Bad Request) making POST call to /order with {"error":"maker address not allowed, please use the deposit wallet flow"}

[2026-05-22 13:15:47.355] INFO - 5min period started. Placing BUY orders at $0.01 for BTC
[2026-05-22 13:15:47.466] ERROR - build_sign_and_post SDK error: Status: error(400 Bad Request) making POST call to /order with {"error":"maker address not allowed, please use the deposit wallet flow"}

[2026-05-22 13:15:47.466] ERROR - Error processing market: Failed to create, sign, and post order: Status: error(400 Bad Request) making POST call to /order with {"error":"maker address not allowed, please use the deposit wallet flow"}

[2026-05-22 13:15:47.595] INFO - 5min period started. Placing BUY orders at $0.01 for BTC
[2026-05-22 13:15:47.722] ERROR - build_sign_and_post SDK error: Status: error(400 Bad Request) making POST call to /order with {"error":"maker address not allowed, please use the deposit wallet flow"}

[2026-05-22 13:15:47.722] ERROR - Error processing market: Failed to create, sign, and post order: Status: error(400 Bad Request) making POST call to /order with {"error":"maker address not allowed, please use the deposit wallet flow"}

[2026-05-22 13:15:47.849] INFO - 5min period started. Placing BUY orders at $0.01 for BTC
[2026-05-22 13:15:47.941] ERROR - build_sign_and_post SDK error: Status: error(400 Bad Request) making POST call to /order with {"error":"maker address not allowed, please use the deposit wallet flow"}

[2026-05-22 13:15:47.941] ERROR - Error processing market: Failed to create, sign, and post order: Status: error(400 Bad Request) making POST call to /order with {"error":"maker address not allowed, please use the deposit wallet flow"}

[2026-05-22 13:15:48.069] INFO - 5min period started. Placing BUY orders at $0.01 for BTC
[2026-05-22 13:15:48.173] ERROR - build_sign_and_post SDK error: Status: error(400 Bad Request) making POST call to /order with {"error":"maker address not allowed, please use the deposit wallet flow"}

[2026-05-22 13:15:48.173] ERROR - Error processing market: Failed to create, sign, and post order: Status: error(400 Bad Request) making POST call to /order with {"error":"maker address not allowed, please use the deposit wallet flow"}

[2026-05-22 13:15:48.299] INFO - 5min period started. Placing BUY orders at $0.01 for BTC
[2026-05-22 13:15:48.399] ERROR - build_sign_and_post SDK error: Status: error(400 Bad Request) making POST call to /order with {"error":"maker address not allowed, please use the deposit wallet flow"}

[2026-05-22 13:15:48.399] ERROR - Error processing market: Failed to create, sign, and post order: Status: error(400 Bad Request) making POST call to /order with {"error":"maker address not allowed, please use the deposit wallet flow"}

[2026-05-22 13:15:48.527] INFO - 5min period started. Placing BUY orders at $0.01 for BTC
[2026-05-22 13:15:48.654] ERROR - build_sign_and_post SDK error: Status: error(400 Bad Request) making POST call to /order with {"error":"maker address not allowed, please use the deposit wallet flow"}

[2026-05-22 13:15:48.654] ERROR - Error processing market: Failed to create, sign, and post order: Status: error(400 Bad Request) making POST call to /order with {"error":"maker address not allowed, please use the deposit wallet flow"}

[2026-05-22 13:15:48.786] INFO - 5min period started. Placing BUY orders at $0.01 for BTC
[2026-05-22 13:15:48.898] ERROR - build_sign_and_post SDK error: Status: error(400 Bad Request) making POST call to /order with {"error":"maker address not allowed, please use the deposit wallet flow"}

[2026-05-22 13:15:48.898] ERROR - Error processing market: Failed to create, sign, and post order: Status: error(400 Bad Request) making POST call to /order with {"error":"maker address not allowed, please use the deposit wallet flow"}

[2026-05-22 13:15:49.025] INFO - 5min period started. Placing BUY orders at $0.01 for BTC
[2026-05-22 13:15:49.130] ERROR - build_sign_and_post SDK error: Status: error(400 Bad Request) making POST call to /order with {"error":"maker address not allowed, please use the deposit wallet flow"}

[2026-05-22 13:15:49.130] ERROR - Error processing market: Failed to create, sign, and post order: Status: error(400 Bad Request) making POST call to /order with {"error":"maker address not allowed, please use the deposit wallet flow"}

[2026-05-22 13:15:49.256] INFO - 5min period started. Placing BUY orders at $0.01 for BTC
[2026-05-22 13:15:49.373] ERROR - build_sign_and_post SDK error: Status: error(400 Bad Request) making POST call to /order with {"error":"maker address not allowed, please use the deposit wallet flow"}

[2026-05-22 13:15:49.373] ERROR - Error processing market: Failed to create, sign, and post order: Status: error(400 Bad Request) making POST call to /order with {"error":"maker address not allowed, please use the deposit wallet flow"}

[2026-05-22 13:15:49.502] INFO - 5min period started. Placing BUY orders at $0.01 for BTC
[2026-05-22 13:15:49.606] ERROR - build_sign_and_post SDK error: Status: error(400 Bad Request) making POST call to /order with {"error":"maker address not allowed, please use the deposit wallet flow"}

[2026-05-22 13:15:49.606] ERROR - Error processing market: Failed to create, sign, and post order: Status: error(400 Bad Request) making POST call to /order with {"error":"maker address not allowed, please use the deposit wallet flow"}

[2026-05-22 13:15:49.735] INFO - 5min period started. Placing BUY orders at $0.01 for BTC
[2026-05-22 13:15:49.868] ERROR - build_sign_and_post SDK error: Status: error(400 Bad Request) making POST call to /order with {"error":"maker address not allowed, please use the deposit wallet flow"}

[2026-05-22 13:15:49.868] ERROR - Error processing market: Failed to create, sign, and post order: Status: error(400 Bad Request) making POST call to /order with {"error":"maker address not allowed, please use the deposit wallet flow"}

[2026-05-22 13:15:49.998] INFO - 5min period started. Placing BUY orders at $0.01 for BTC
[2026-05-22 13:15:50.093] ERROR - build_sign_and_post SDK error: Status: error(400 Bad Request) making POST call to /order with {"error":"maker address not allowed, please use the deposit wallet flow"}

[2026-05-22 13:15:50.093] ERROR - Error processing market: Failed to create, sign, and post order: Status: error(400 Bad Request) making POST call to /order with {"error":"maker address not allowed, please use the deposit wallet flow"}

[2026-05-22 13:15:50.220] INFO - 5min period started. Placing BUY orders at $0.01 for BTC
[2026-05-22 13:15:50.328] ERROR - build_sign_and_post SDK error: Status: error(400 Bad Request) making POST call to /order with {"error":"maker address not allowed, please use the deposit wallet flow"}

[2026-05-22 13:15:50.328] ERROR - Error processing market: Failed to create, sign, and post order: Status: error(400 Bad Request) making POST call to /order with {"error":"maker address not allowed, please use the deposit wallet flow"}

[2026-05-22 13:15:50.460] INFO - 5min period started. Placing BUY orders at $0.01 for BTC
[2026-05-22 13:15:50.588] ERROR - build_sign_and_post SDK error: Status: error(400 Bad Request) making POST call to /order with {"error":"maker address not allowed, please use the deposit wallet flow"}

[2026-05-22 13:15:50.588] ERROR - Error processing market: Failed to create, sign, and post order: Status: error(400 Bad Request) making POST call to /order with {"error":"maker address not allowed, please use the deposit wallet flow"}

[2026-05-22 13:15:50.614] INFO - Received Ctrl+C, initiating graceful shutdown...
[2026-05-22 13:15:50.614] INFO - Shutdown signal received, stopping CLOB subscription
[2026-05-22 13:15:50.614] INFO - CLOB subscription ended
[2026-05-22 13:15:50.614] INFO - Shutdown signal received during sleep, stopping strategy loop
[2026-05-22 13:15:50.614] INFO - Strategy shutdown complete
[2026-05-22 13:25:27.260] INFO - Config loaded from: "config.json"
[2026-05-22 13:25:27.260] INFO - Private key present in config: true
[2026-05-22 13:25:27.345] INFO - Checking if private key is available in config...
[2026-05-22 13:25:27.345] INFO - Private key found in config, attempting to create CLOB client
[2026-05-22 13:25:27.345] INFO - Initializing CLOB WebSocket client with config
[2026-05-22 13:25:27.345] INFO - Private key found in config, will attempt authentication
[2026-05-22 13:25:27.408] INFO - Address: 0x179E37a8e42b012C99587E78B15Ba9c44e1e2182
[2026-05-22 13:25:27.408] INFO - Connected to authenticated WebSocket (V2)
[2026-05-22 13:25:27.408] INFO - Successfully created authenticated CLOB client
[2026-05-22 13:25:27.408] INFO - ClobClient initialization completed
[2026-05-22 13:25:27.408] INFO - Successfully created CLOB client
[2026-05-22 13:25:27.408] INFO - Starting CLOB order and trade status subscription (event-driven SELL placement)
[2026-05-22 13:25:27.408] INFO - Starting main strategy loop
[2026-05-22 13:25:27.408] INFO - [STARTUP] Checking for pending merges from previous runs...
[2026-05-22 13:25:27.408] INFO - CLOB subscription started, listening for order and trade status updates
[2026-05-22 13:25:27.606] INFO - [STARTUP] No pending merges found
[2026-05-22 13:25:27.630] INFO - 5min period started. Placing BUY orders at $0.01 for BTC
[2026-05-22 13:25:27.841] ERROR - build_sign_and_post SDK error: Status: error(400 Bad Request) making POST call to /order with {"error":"maker address not allowed, please use the deposit wallet flow"}

[2026-05-22 13:25:27.841] ERROR - Error processing market: Failed to create, sign, and post order: Status: error(400 Bad Request) making POST call to /order with {"error":"maker address not allowed, please use the deposit wallet flow"}

[2026-05-22 13:25:27.971] INFO - 5min period started. Placing BUY orders at $0.01 for BTC
[2026-05-22 13:25:28.113] ERROR - build_sign_and_post SDK error: Status: error(400 Bad Request) making POST call to /order with {"error":"maker address not allowed, please use the deposit wallet flow"}

[2026-05-22 13:25:28.113] ERROR - Error processing market: Failed to create, sign, and post order: Status: error(400 Bad Request) making POST call to /order with {"error":"maker address not allowed, please use the deposit wallet flow"}

[2026-05-22 13:25:28.238] INFO - 5min period started. Placing BUY orders at $0.01 for BTC
[2026-05-22 13:25:28.385] ERROR - build_sign_and_post SDK error: Status: error(400 Bad Request) making POST call to /order with {"error":"maker address not allowed, please use the deposit wallet flow"}

[2026-05-22 13:25:28.385] ERROR - Error processing market: Failed to create, sign, and post order: Status: error(400 Bad Request) making POST call to /order with {"error":"maker address not allowed, please use the deposit wallet flow"}

[2026-05-22 13:25:28.515] INFO - 5min period started. Placing BUY orders at $0.01 for BTC
[2026-05-22 13:25:28.679] ERROR - build_sign_and_post SDK error: Status: error(400 Bad Request) making POST call to /order with {"error":"maker address not allowed, please use the deposit wallet flow"}

[2026-05-22 13:25:28.679] ERROR - Error processing market: Failed to create, sign, and post order: Status: error(400 Bad Request) making POST call to /order with {"error":"maker address not allowed, please use the deposit wallet flow"}

[2026-05-22 13:25:28.805] INFO - 5min period started. Placing BUY orders at $0.01 for BTC
[2026-05-22 13:25:28.956] ERROR - build_sign_and_post SDK error: Status: error(400 Bad Request) making POST call to /order with {"error":"maker address not allowed, please use the deposit wallet flow"}

[2026-05-22 13:25:28.957] ERROR - Error processing market: Failed to create, sign, and post order: Status: error(400 Bad Request) making POST call to /order with {"error":"maker address not allowed, please use the deposit wallet flow"}

[2026-05-22 13:25:29.085] INFO - 5min period started. Placing BUY orders at $0.01 for BTC
[2026-05-22 13:25:29.213] ERROR - build_sign_and_post SDK error: Status: error(400 Bad Request) making POST call to /order with {"error":"maker address not allowed, please use the deposit wallet flow"}

[2026-05-22 13:25:29.213] ERROR - Error processing market: Failed to create, sign, and post order: Status: error(400 Bad Request) making POST call to /order with {"error":"maker address not allowed, please use the deposit wallet flow"}

[2026-05-22 13:25:29.345] INFO - 5min period started. Placing BUY orders at $0.01 for BTC
[2026-05-22 13:25:29.489] ERROR - build_sign_and_post SDK error: Status: error(400 Bad Request) making POST call to /order with {"error":"maker address not allowed, please use the deposit wallet flow"}

[2026-05-22 13:25:29.489] ERROR - Error processing market: Failed to create, sign, and post order: Status: error(400 Bad Request) making POST call to /order with {"error":"maker address not allowed, please use the deposit wallet flow"}

[2026-05-22 13:25:29.613] INFO - 5min period started. Placing BUY orders at $0.01 for BTC
[2026-05-22 13:25:29.756] ERROR - build_sign_and_post SDK error: Status: error(400 Bad Request) making POST call to /order with {"error":"maker address not allowed, please use the deposit wallet flow"}

[2026-05-22 13:25:29.756] ERROR - Error processing market: Failed to create, sign, and post order: Status: error(400 Bad Request) making POST call to /order with {"error":"maker address not allowed, please use the deposit wallet flow"}

[2026-05-22 13:25:29.887] INFO - 5min period started. Placing BUY orders at $0.01 for BTC
[2026-05-22 13:25:30.084] ERROR - build_sign_and_post SDK error: Status: error(400 Bad Request) making POST call to /order with {"error":"maker address not allowed, please use the deposit wallet flow"}

[2026-05-22 13:25:30.084] ERROR - Error processing market: Failed to create, sign, and post order: Status: error(400 Bad Request) making POST call to /order with {"error":"maker address not allowed, please use the deposit wallet flow"}

[2026-05-22 13:25:30.209] INFO - 5min period started. Placing BUY orders at $0.01 for BTC
[2026-05-22 13:25:30.356] ERROR - build_sign_and_post SDK error: Status: error(400 Bad Request) making POST call to /order with {"error":"maker address not allowed, please use the deposit wallet flow"}

[2026-05-22 13:25:30.356] ERROR - Error processing market: Failed to create, sign, and post order: Status: error(400 Bad Request) making POST call to /order with {"error":"maker address not allowed, please use the deposit wallet flow"}

[2026-05-22 13:25:30.483] INFO - 5min period started. Placing BUY orders at $0.01 for BTC
[2026-05-22 13:25:30.624] ERROR - build_sign_and_post SDK error: Status: error(400 Bad Request) making POST call to /order with {"error":"maker address not allowed, please use the deposit wallet flow"}

[2026-05-22 13:25:30.624] ERROR - Error processing market: Failed to create, sign, and post order: Status: error(400 Bad Request) making POST call to /order with {"error":"maker address not allowed, please use the deposit wallet flow"}

[2026-05-22 13:25:30.749] INFO - 5min period started. Placing BUY orders at $0.01 for BTC
[2026-05-22 13:25:30.871] ERROR - build_sign_and_post SDK error: Status: error(400 Bad Request) making POST call to /order with {"error":"maker address not allowed, please use the deposit wallet flow"}

[2026-05-22 13:25:30.871] ERROR - Error processing market: Failed to create, sign, and post order: Status: error(400 Bad Request) making POST call to /order with {"error":"maker address not allowed, please use the deposit wallet flow"}

[2026-05-22 13:25:30.996] INFO - 5min period started. Placing BUY orders at $0.01 for BTC
[2026-05-22 13:25:31.142] ERROR - build_sign_and_post SDK error: Status: error(400 Bad Request) making POST call to /order with {"error":"maker address not allowed, please use the deposit wallet flow"}

[2026-05-22 13:25:31.142] ERROR - Error processing market: Failed to create, sign, and post order: Status: error(400 Bad Request) making POST call to /order with {"error":"maker address not allowed, please use the deposit wallet flow"}

[2026-05-22 13:25:31.267] INFO - 5min period started. Placing BUY orders at $0.01 for BTC
[2026-05-22 13:25:31.397] ERROR - build_sign_and_post SDK error: Status: error(400 Bad Request) making POST call to /order with {"error":"maker address not allowed, please use the deposit wallet flow"}

[2026-05-22 13:25:31.397] ERROR - Error processing market: Failed to create, sign, and post order: Status: error(400 Bad Request) making POST call to /order with {"error":"maker address not allowed, please use the deposit wallet flow"}

[2026-05-22 13:25:31.495] INFO - Received Ctrl+C, initiating graceful shutdown...
[2026-05-22 13:25:31.495] INFO - Shutdown signal received, stopping CLOB subscription
[2026-05-22 13:25:31.495] INFO - CLOB subscription ended
[2026-05-22 13:25:31.495] INFO - Shutdown signal received during sleep, stopping strategy loop
[2026-05-22 13:25:31.495] INFO - Strategy shutdown complete
